*** Запуск Wordle ***
Загружаем словарь: words_ru.txt
Успешно загружено слов: 4157
Загаданное слово (для отладки): валка
Игра запущена | Загадано слово из 5 букв | Словарь: 4157 слов
Выдана подсказка: октан | Приоритет: высокий | Доступно: 4157 | Всего выдано: 1
Игрок запросил подсказку
Выдана подсказка: гогот | Приоритет: высокий | Доступно: 4156 | Всего выдано: 2
Игрок запросил подсказку
Выдана подсказка: элеат | Приоритет: высокий | Доступно: 4155 | Всего выдано: 3
Игрок запросил подсказку
Выдана подсказка: ингуш | Приоритет: высокий | Доступно: 4154 | Всего выдано: 4
Игрок запросил подсказку
Выдана подсказка: штаны | Приоритет: высокий | Доступно: 4153 | Всего выдано: 5
Игрок запросил подсказку
Выдана подсказка: толща | Приоритет: высокий | Доступно: 4152 | Всего выдано: 6
Игрок запросил подсказку
Выдана подсказка: опята | Приоритет: высокий | Доступно: 4151 | Всего выдано: 7
Игрок запросил подсказку
Выдана подсказка: пимок | Приоритет: высокий | Доступно: 4150 | Всего выдано: 8
Игрок запросил подсказку
Некорректный ввод: Разрешены только русские буквы (ровно 5)
Попытка #2 | Ввод: слово | Фидбек: -^-^- | Осталось: 5 | Кандидатов: 65
Выдана подсказка: вафля | Приоритет: высокий | Доступно: 65 | Всего выдано: 9
Игрок запросил подсказку
Попытка #3 | Ввод: вафля | Фидбек: ++-^- | Осталось: 4 | Кандидатов: 10
Выдана подсказка: валух | Приоритет: высокий | Доступно: 10 | Всего выдано: 10
Игрок запросил подсказку
Попытка #4 | Ввод: валух | Фидбек: +++-- | Осталось: 3 | Кандидатов: 7
Попытка #5 | Ввод: валет | Фидбек: +++-- | Осталось: 2 | Кандидатов: 2
Некорректный ввод: Слово не найдено в словаре.
Выдана подсказка: валик | Приоритет: высокий | Доступно: 2 | Всего выдано: 11
Игрок запросил подсказку
Попытка #6 | Ввод: валик | Фидбек: +++-^ | Осталось: 1 | Кандидатов: 1
Выдана подсказка: валка | Приоритет: высокий | Доступно: 1 | Всего выдано: 12
Игрок запросил подсказку
Попытка #7 | Ввод: валка | Фидбек: +++++ | Осталось: 0 | Кандидатов: 0
ПОБЕДА! Слово угадано.
Игра завершена. Результат: WIN
